[debug] [2026-03-25T18:14:02.665Z] ----------------------------------------------------------------------
[debug] [2026-03-25T18:14:02.668Z] Command:       C:\Program Files\nodejs\node.exe C:\Users\india\AppData\Roaming\npm\node_modules\firebase-tools\lib\bin\firebase.js deploy --only database --project smart-health-care-cd723 --debug --non-interactive
[debug] [2026-03-25T18:14:02.669Z] CLI Version:   15.11.0
[debug] [2026-03-25T18:14:02.669Z] Platform:      win32
[debug] [2026-03-25T18:14:02.669Z] Node Version:  v24.11.1
[debug] [2026-03-25T18:14:02.669Z] Time:          Wed Mar 25 2026 23:44:02 GMT+0530 (India Standard Time)
[debug] [2026-03-25T18:14:02.669Z] ----------------------------------------------------------------------
[debug] 
[debug] [2026-03-25T18:14:02.671Z] >>> [apiv2][query] GET https://firebase-public.firebaseio.com/cli.json [none]
[debug] [2026-03-25T18:14:05.410Z] > command requires scopes: ["email","openid","https://www.googleapis.com/auth/cloudplatformprojects.readonly","https://www.googleapis.com/auth/firebase","https://www.googleapis.com/auth/cloud-platform"]
[debug] [2026-03-25T18:14:05.451Z] Error: Could not load the default credentials. Browse to https://cloud.google.com/docs/authentication/getting-started for more information.
    at GoogleAuth.getApplicationDefaultAsync (C:\Users\india\AppData\Roaming\npm\node_modules\firebase-tools\node_modules\google-auth-library\build\src\auth\googleauth.js:287:15)
    at process.processTicksAndRejections (node:internal/process/task_queues:103:5)
    at async GoogleAuth._GoogleAuth_determineClient (C:\Users\india\AppData\Roaming\npm\node_modules\firebase-tools\node_modules\google-auth-library\build\src\auth\googleauth.js:834:32)
    at async GoogleAuth.getClient (C:\Users\india\AppData\Roaming\npm\node_modules\firebase-tools\node_modules\google-auth-library\build\src\auth\googleauth.js:698:20)
    at async GoogleAuth.getAccessToken (C:\Users\india\AppData\Roaming\npm\node_modules\firebase-tools\node_modules\google-auth-library\build\src\auth\googleauth.js:722:24)
    at async autoAuth (C:\Users\india\AppData\Roaming\npm\node_modules\firebase-tools\lib\requireAuth.js:28:19)
    at async requireAuth (C:\Users\india\AppData\Roaming\npm\node_modules\firebase-tools\lib\requireAuth.js:90:20)
    at async requirePermissions (C:\Users\india\AppData\Roaming\npm\node_modules\firebase-tools\lib\requirePermissions.js:17:5)
    at async C:\Users\india\AppData\Roaming\npm\node_modules\firebase-tools\lib\command.js:264:17
[error] 
[error] Error: Failed to authenticate, have you run firebase login?
