#
# There is insufficient memory for the Java Runtime Environment to continue.
# Native memory allocation (malloc) failed to allocate 32744 bytes. Error detail: Chunk::new
# Possible reasons:
#   The system is out of physical RAM or swap space
#   This process is running with CompressedOops enabled, and the Java Heap may be blocking the growth of the native heap
# Possible solutions:
#   Reduce memory load on the system
#   Increase physical memory or swap space
#   Check if swap backing store is full
#   Decrease Java heap size (-Xmx/-Xms)
#   Decrease number of Java threads
#   Decrease Java thread stack sizes (-Xss)
#   Set larger code cache with -XX:ReservedCodeCacheSize=
#   JVM is running with Unscaled Compressed Oops mode in which the Java heap is
#     placed in the first 4GB address space. The Java Heap base address is the
#     maximum limit for the native heap growth. Please use -XX:HeapBaseMinAddress
#     to set the Java Heap base and to place the Java Heap above 4GB virtual address.
# This output file may be truncated or incomplete.
#
#  Out of Memory Error (arena.cpp:168), pid=26040, tid=19152
#
# JRE version: OpenJDK Runtime Environment Temurin-21.0.10+7 (21.0.10+7) (build 21.0.10+7-LTS)
# Java VM: OpenJDK 64-Bit Server VM Temurin-21.0.10+7 (21.0.10+7-LTS, mixed mode, sharing, tiered, compressed oops, compressed class ptrs, parallel gc, windows-amd64)
# No core dump will be written. Minidumps are not enabled by default on client versions of Windows
#

---------------  S U M M A R Y ------------

Command Line: --add-modules=ALL-SYSTEM --add-opens=java.base/java.util=ALL-UNNAMED --add-opens=java.base/java.lang=ALL-UNNAMED --add-opens=java.base/sun.nio.fs=ALL-UNNAMED -Declipse.application=org.eclipse.jdt.ls.core.id1 -Dosgi.bundles.defaultStartLevel=4 -Declipse.product=org.eclipse.jdt.ls.core.product -Djava.import.generatesMetadataFilesAtProjectRoot=false -DDetectVMInstallationsJob.disabled=true -Dfile.encoding=utf8 -XX:+UseParallelGC -XX:GCTimeRatio=4 -XX:AdaptiveSizePolicyWeight=90 -Dsun.zip.disableMemoryMapping=true -Xmx2G -Xms100m -Xlog:disable -javaagent:c:\Users\india\.vscode\extensions\redhat.java-1.53.0-win32-x64\lombok\lombok-1.18.39-4050.jar c:\Users\india\.vscode\extensions\redhat.java-1.53.0-win32-x64\server\plugins\org.eclipse.equinox.launcher_1.7.100.v20251111-0406.jar -configuration c:\Users\india\AppData\Roaming\Code\User\globalStorage\redhat.java\1.53.0\config_ss_win -data c:\Users\india\AppData\Roaming\Code\User\workspaceStorage\fa7e1b7b88d4cf635e5f5ee2812eefa7\redhat.java\ss_ws --pipe=\\.\pipe\lsp-dd9deb64f2aac860276ed316e6e5f50e-sock

Host: 12th Gen Intel(R) Core(TM) i3-1215U, 8 cores, 7G,  Windows 11 , 64 bit Build 26100 (10.0.26100.7920)
Time: Wed Mar 25 23:52:23 2026 India Standard Time elapsed time: 29.221608 seconds (0d 0h 0m 29s)

---------------  T H R E A D  ---------------

Current thread (0x0000014f7d58c7c0):  JavaThread "C1 CompilerThread0" daemon [_thread_in_native, id=19152, stack(0x0000000c10f00000,0x0000000c11000000) (1024K)]


Current CompileTask:
C1:29221 1765       3       java.io.File::slashify (84 bytes)

Stack: [0x0000000c10f00000,0x0000000c11000000]
Native frames: (J=compiled Java code, j=interpreted, Vv=VM code, C=native code)
V  [jvm.dll+0x6d7a39]
V  [jvm.dll+0x8b4b26]
V  [jvm.dll+0x8b70de]
V  [jvm.dll+0x8b77c3]
V  [jvm.dll+0x284346]
V  [jvm.dll+0xc66ed]
V  [jvm.dll+0xc6c31]
V  [jvm.dll+0x164fd6]
V  [jvm.dll+0x162ef4]
V  [jvm.dll+0x161556]
V  [jvm.dll+0x169c0a]
V  [jvm.dll+0x1690e6]
V  [jvm.dll+0x160cb0]
V  [jvm.dll+0x162f4d]
V  [jvm.dll+0x16145c]
V  [jvm.dll+0x169c0a]
V  [jvm.dll+0x1690e6]
V  [jvm.dll+0x160cb0]
V  [jvm.dll+0x162f4d]
V  [jvm.dll+0x16145c]
V  [jvm.dll+0x169c0a]
V  [jvm.dll+0x1690e6]
V  [jvm.dll+0x160cb0]
V  [jvm.dll+0x162f4d]
V  [jvm.dll+0x161556]
V  [jvm.dll+0x15b297]
V  [jvm.dll+0x16ad68]
V  [jvm.dll+0x156885]
V  [jvm.dll+0x156bd2]
V  [jvm.dll+0x156e84]
V  [jvm.dll+0x15629c]
V  [jvm.dll+0x15802d]
V  [jvm.dll+0x25b85d]
V  [jvm.dll+0x259dea]
V  [jvm.dll+0x3f857e]
V  [jvm.dll+0x85f59d]
V  [jvm.dll+0x6d626d]
C  [ucrtbase.dll+0x37b0]
C  [KERNEL32.DLL+0x2e8d7]
C  [ntdll.dll+0x8c48c]


---------------  P R O C E S S  ---------------

Threads class SMR info:
_java_thread_list=0x0000014f7db77d50, length=12, elements={
0x0000014f24243390, 0x0000014f241b8370, 0x0000014f241b9b40, 0x0000014f241bba90,
0x0000014f241bc5f0, 0x0000014f241c0f90, 0x0000014f241c1600, 0x0000014f241c2390,
0x0000014f7d58c7c0, 0x0000014f7d6c3320, 0x0000014f7d706060, 0x0000014f7db9f2f0
}

Java Threads: ( => current thread )
  0x0000014f24243390 JavaThread "main"                              [_thread_in_native, id=34976, stack(0x0000000c10400000,0x0000000c10500000) (1024K)]
  0x0000014f241b8370 JavaThread "Reference Handler"          daemon [_thread_blocked, id=33544, stack(0x0000000c10800000,0x0000000c10900000) (1024K)]
  0x0000014f241b9b40 JavaThread "Finalizer"                  daemon [_thread_blocked, id=7208, stack(0x0000000c10900000,0x0000000c10a00000) (1024K)]
  0x0000014f241bba90 JavaThread "Signal Dispatcher"          daemon [_thread_blocked, id=26940, stack(0x0000000c10a00000,0x0000000c10b00000) (1024K)]
  0x0000014f241bc5f0 JavaThread "Attach Listener"            daemon [_thread_blocked, id=14676, stack(0x0000000c10b00000,0x0000000c10c00000) (1024K)]
  0x0000014f241c0f90 JavaThread "Service Thread"             daemon [_thread_blocked, id=33168, stack(0x0000000c10c00000,0x0000000c10d00000) (1024K)]
  0x0000014f241c1600 JavaThread "Monitor Deflation Thread"   daemon [_thread_blocked, id=22180, stack(0x0000000c10d00000,0x0000000c10e00000) (1024K)]
  0x0000014f241c2390 JavaThread "C2 CompilerThread0"         daemon [_thread_blocked, id=23972, stack(0x0000000c10e00000,0x0000000c10f00000) (1024K)]
=>0x0000014f7d58c7c0 JavaThread "C1 CompilerThread0"         daemon [_thread_in_native, id=19152, stack(0x0000000c10f00000,0x0000000c11000000) (1024K)]
  0x0000014f7d6c3320 JavaThread "Common-Cleaner"             daemon [_thread_blocked, id=11768, stack(0x0000000c11000000,0x0000000c11100000) (1024K)]
  0x0000014f7d706060 JavaThread "Notification Thread"        daemon [_thread_blocked, id=34276, stack(0x0000000c11100000,0x0000000c11200000) (1024K)]
  0x0000014f7db9f2f0 JavaThread "Active Thread: Equinox Container: 588aca94-d6b1-4baa-a702-fd2dba75f5ba"        [_thread_blocked, id=13128, stack(0x0000000c11800000,0x0000000c11900000) (1024K)]
Total: 12

Other Threads:
  0x0000014f241b34c0 VMThread "VM Thread"                           [id=33568, stack(0x0000000c10700000,0x0000000c10800000) (1024K)]
  0x0000014f240cca00 WatcherThread "VM Periodic Task Thread"        [id=20560, stack(0x0000000c10600000,0x0000000c10700000) (1024K)]
  0x0000014f24261f20 WorkerThread "GC Thread#0"                     [id=38064, stack(0x0000000c10500000,0x0000000c10600000) (1024K)]
  0x0000014f7dc75cf0 WorkerThread "GC Thread#1"                     [id=29276, stack(0x0000000c11200000,0x0000000c11300000) (1024K)]
  0x0000014f7de2f630 WorkerThread "GC Thread#2"                     [id=32380, stack(0x0000000c11300000,0x0000000c11400000) (1024K)]
  0x0000014f7dbef310 WorkerThread "GC Thread#3"                     [id=30920, stack(0x0000000c11400000,0x0000000c11500000) (1024K)]
  0x0000014f7dbef6c0 WorkerThread "GC Thread#4"                     [id=10340, stack(0x0000000c11500000,0x0000000c11600000) (1024K)]
  0x0000014f7dbefa70 WorkerThread "GC Thread#5"                     [id=7836, stack(0x0000000c11600000,0x0000000c11700000) (1024K)]
  0x0000014f7ddce180 WorkerThread "GC Thread#6"                     [id=7424, stack(0x0000000c11700000,0x0000000c11800000) (1024K)]
Total: 9

Threads with active compile tasks:
C1 CompilerThread0  31315 1765       3       java.io.File::slashify (84 bytes)
Total: 1

VM state: not at safepoint (normal execution)

VM Mutex/Monitor currently owned by a thread: None

Heap address: 0x0000000080000000, size: 2048 MB, Compressed Oops mode: 32-bit

CDS archive(s) mapped at: [0x0000014f3b000000-0x0000014f3bba0000-0x0000014f3bba0000), size 12189696, SharedBaseAddress: 0x0000014f3b000000, ArchiveRelocationMode: 1.
Compressed class space mapped at: 0x0000014f3c000000-0x0000014f7c000000, reserved size: 1073741824
Narrow klass base: 0x0000014f3b000000, Narrow klass shift: 0, Narrow klass range: 0x100000000

GC Precious Log:
 CardTable entry size: 512
 CPUs: 8 total, 8 available
 Memory: 7916M
 Large Page Support: Disabled
 NUMA Support: Disabled
 Compressed Oops: Enabled (32-bit)
 Alignments: Space 512K, Generation 512K, Heap 2M
 Heap Min Capacity: 100M
 Heap Initial Capacity: 100M
 Heap Max Capacity: 2G
 Pre-touch: Disabled
 Parallel Workers: 8

Heap:
 PSYoungGen      total 29696K, used 26720K [0x00000000d5580000, 0x00000000d7680000, 0x0000000100000000)
  eden space 25600K, 91% used [0x00000000d5580000,0x00000000d6c5e2b0,0x00000000d6e80000)
  from space 4096K, 80% used [0x00000000d6e80000,0x00000000d71b9e98,0x00000000d7280000)
  to   space 4096K, 0% used [0x00000000d7280000,0x00000000d7280000,0x00000000d7680000)
 ParOldGen       total 68608K, used 16K [0x0000000080000000, 0x0000000084300000, 0x00000000d5580000)
  object space 68608K, 0% used [0x0000000080000000,0x0000000080004000,0x0000000084300000)
 Metaspace       used 7934K, committed 8192K, reserved 1114112K
  class space    used 831K, committed 960K, reserved 1048576K

Card table byte_map: [0x0000014f23be0000,0x0000014f23ff0000] _byte_map_base: 0x0000014f237e0000

Marking Bits: (ParMarkBitMap*) 0x00007ffa584d3450
 Begin Bits: [0x0000014f366f0000, 0x0000014f386f0000)
 End Bits:   [0x0000014f386f0000, 0x0000014f3a6f0000)

Polling page: 0x0000014f220d0000

Metaspace:

Usage:
  Non-class:      6.94 MB used.
      Class:    831.02 KB used.
       Both:      7.75 MB used.

Virtual space:
  Non-class space:       64.00 MB reserved,       7.06 MB ( 11%) committed,  1 nodes.
      Class space:        1.00 GB reserved,     960.00 KB ( <1%) committed,  1 nodes.
             Both:        1.06 GB reserved,       8.00 MB ( <1%) committed. 

Chunk freelists:
   Non-Class:  8.83 MB
       Class:  14.91 MB
        Both:  23.73 MB

MaxMetaspaceSize: unlimited
CompressedClassSpaceSize: 1.00 GB
Initial GC threshold: 21.00 MB
Current GC threshold: 21.00 MB
CDS: on
 - commit_granule_bytes: 65536.
 - commit_granule_words: 8192.
 - virtual_space_node_default_size: 8388608.
 - enlarge_chunks_in_place: 1.
 - use_allocation_guard: 0.


Internal statistics:

num_allocs_failed_limit: 0.
num_arena_births: 228.
num_arena_deaths: 0.
num_vsnodes_births: 2.
num_vsnodes_deaths: 0.
num_space_committed: 128.
num_space_uncommitted: 0.
num_chunks_returned_to_freelist: 0.
num_chunks_taken_from_freelist: 423.
num_chunk_merges: 0.
num_chunk_splits: 269.
num_chunks_enlarged: 177.
num_inconsistent_stats: 0.

CodeHeap 'non-profiled nmethods': size=120000Kb used=787Kb max_used=787Kb free=119212Kb
 bounds [0x0000014f2ef10000, 0x0000014f2f180000, 0x0000014f36440000]
CodeHeap 'profiled nmethods': size=120000Kb used=3112Kb max_used=3112Kb free=116887Kb
 bounds [0x0000014f27440000, 0x0000014f27750000, 0x0000014f2e970000]
CodeHeap 'non-nmethods': size=5760Kb used=1214Kb max_used=1248Kb free=4545Kb
 bounds [0x0000014f2e970000, 0x0000014f2ebe0000, 0x0000014f2ef10000]
CodeCache: size=245760Kb, used=5113Kb, max_used=5147Kb, free=240644Kb
 total_blobs=2247, nmethods=1765, adapters=389, full_count=0
Compilation: enabled, stopped_count=0, restarted_count=0

Compilation events (20 events):
Event: 19.500 Thread 0x0000014f241c2390 1756       4       sun.nio.fs.WindowsPathParser::isSlash (18 bytes)
Event: 19.501 Thread 0x0000014f241c2390 nmethod 1756 0x0000014f2efd3e90 code [0x0000014f2efd4020, 0x0000014f2efd40b0]
Event: 19.526 Thread 0x0000014f7d58c7c0 1757       3       java.lang.StringLatin1::toChars (16 bytes)
Event: 19.526 Thread 0x0000014f7d58c7c0 nmethod 1757 0x0000014f27747f10 code [0x0000014f277480c0, 0x0000014f277482a0]
Event: 20.443 Thread 0x0000014f7d58c7c0 1758       3       org.eclipse.osgi.internal.framework.EquinoxConfiguration$ConfigValues::internalGet (24 bytes)
Event: 20.444 Thread 0x0000014f7d58c7c0 nmethod 1758 0x0000014f27748390 code [0x0000014f277485a0, 0x0000014f27748b98]
Event: 22.850 Thread 0x0000014f241c2390 1759       4       java.lang.StringLatin1::inflate (34 bytes)
Event: 22.917 Thread 0x0000014f7d58c7c0 1761       3       java.io.File::isAbsolute (8 bytes)
Event: 23.869 Thread 0x0000014f7d58c7c0 nmethod 1761 0x0000014f27748d90 code [0x0000014f27748f40, 0x0000014f27749090]
Event: 23.869 Thread 0x0000014f7d58c7c0 1762       3       java.io.WinNTFileSystem::isAbsolute (36 bytes)
Event: 23.871 Thread 0x0000014f7d58c7c0 nmethod 1762 0x0000014f27749110 code [0x0000014f27749320, 0x0000014f277499b0]
Event: 23.871 Thread 0x0000014f7d58c7c0 1763       3       java.util.Collections::emptyIterator (4 bytes)
Event: 23.871 Thread 0x0000014f7d58c7c0 nmethod 1763 0x0000014f27749c90 code [0x0000014f27749e20, 0x0000014f27749f18]
Event: 23.871 Thread 0x0000014f241c2390 nmethod 1759 0x0000014f2efd4190 code [0x0000014f2efd4320, 0x0000014f2efd44b0]
Event: 23.871 Thread 0x0000014f241c2390 1760       4       sun.nio.fs.WindowsPathParser::isInvalidPathChar (22 bytes)
Event: 23.872 Thread 0x0000014f241c2390 nmethod 1760 0x0000014f2efd4590 code [0x0000014f2efd4720, 0x0000014f2efd48b8]
Event: 26.687 Thread 0x0000014f7d58c7c0 1764       3       java.util.Collections::emptySet (4 bytes)
Event: 26.687 Thread 0x0000014f7d58c7c0 nmethod 1764 0x0000014f27749f90 code [0x0000014f2774a120, 0x0000014f2774a218]
Event: 27.209 Thread 0x0000014f7d58c7c0 1765       3       java.io.File::slashify (84 bytes)
Event: 27.781 Thread 0x0000014f241c2390 1767       4       java.lang.StringBuilder::<init> (7 bytes)

GC Heap History (2 events):
Event: 7.365 GC heap before
{Heap before GC invocations=1 (full 0):
 PSYoungGen      total 29696K, used 25600K [0x00000000d5580000, 0x00000000d7680000, 0x0000000100000000)
  eden space 25600K, 100% used [0x00000000d5580000,0x00000000d6e80000,0x00000000d6e80000)
  from space 4096K, 0% used [0x00000000d7280000,0x00000000d7280000,0x00000000d7680000)
  to   space 4096K, 0% used [0x00000000d6e80000,0x00000000d6e80000,0x00000000d7280000)
 ParOldGen       total 68608K, used 0K [0x0000000080000000, 0x0000000084300000, 0x00000000d5580000)
  object space 68608K, 0% used [0x0000000080000000,0x0000000080000000,0x0000000084300000)
 Metaspace       used 4376K, committed 4608K, reserved 1114112K
  class space    used 474K, committed 576K, reserved 1048576K
}
Event: 7.378 GC heap after
{Heap after GC invocations=1 (full 0):
 PSYoungGen      total 29696K, used 3303K [0x00000000d5580000, 0x00000000d7680000, 0x0000000100000000)
  eden space 25600K, 0% used [0x00000000d5580000,0x00000000d5580000,0x00000000d6e80000)
  from space 4096K, 80% used [0x00000000d6e80000,0x00000000d71b9e98,0x00000000d7280000)
  to   space 4096K, 0% used [0x00000000d7280000,0x00000000d7280000,0x00000000d7680000)
 ParOldGen       total 68608K, used 16K [0x0000000080000000, 0x0000000084300000, 0x00000000d5580000)
  object space 68608K, 0% used [0x0000000080000000,0x0000000080004000,0x0000000084300000)
 Metaspace       used 4376K, committed 4608K, reserved 1114112K
  class space    used 474K, committed 576K, reserved 1048576K
}

Dll operation events (8 events):
Event: 0.305 Loaded shared library c:\Users\india\.vscode\extensions\redhat.java-1.53.0-win32-x64\jre\21.0.10-win32-x86_64\bin\java.dll
Event: 0.787 Loaded shared library c:\Users\india\.vscode\extensions\redhat.java-1.53.0-win32-x64\jre\21.0.10-win32-x86_64\bin\zip.dll
Event: 1.944 Loaded shared library C:\Users\india\.vscode\extensions\redhat.java-1.53.0-win32-x64\jre\21.0.10-win32-x86_64\bin\instrument.dll
Event: 1.955 Loaded shared library C:\Users\india\.vscode\extensions\redhat.java-1.53.0-win32-x64\jre\21.0.10-win32-x86_64\bin\net.dll
Event: 1.959 Loaded shared library C:\Users\india\.vscode\extensions\redhat.java-1.53.0-win32-x64\jre\21.0.10-win32-x86_64\bin\nio.dll
Event: 1.964 Loaded shared library C:\Users\india\.vscode\extensions\redhat.java-1.53.0-win32-x64\jre\21.0.10-win32-x86_64\bin\zip.dll
Event: 2.007 Loaded shared library C:\Users\india\.vscode\extensions\redhat.java-1.53.0-win32-x64\jre\21.0.10-win32-x86_64\bin\jimage.dll
Event: 4.082 Loaded shared library c:\Users\india\.vscode\extensions\redhat.java-1.53.0-win32-x64\jre\21.0.10-win32-x86_64\bin\verify.dll

Deoptimization events (20 events):
Event: 8.797 Thread 0x0000014f24243390 DEOPT PACKING pc=0x0000014f2ef3e280 sp=0x0000000c104fe3c0
Event: 8.797 Thread 0x0000014f24243390 DEOPT UNPACKING pc=0x0000014f2e9c3aa2 sp=0x0000000c104fe380 mode 2
Event: 9.246 Thread 0x0000014f24243390 DEOPT PACKING pc=0x0000014f2755460b sp=0x0000000c104fcb10
Event: 9.246 Thread 0x0000014f24243390 DEOPT UNPACKING pc=0x0000014f2e9c4242 sp=0x0000000c104fbf88 mode 0
Event: 9.247 Thread 0x0000014f24243390 DEOPT PACKING pc=0x0000014f275bec08 sp=0x0000000c104fc710
Event: 9.247 Thread 0x0000014f24243390 DEOPT UNPACKING pc=0x0000014f2e9c4242 sp=0x0000000c104fbb90 mode 0
Event: 9.247 Thread 0x0000014f24243390 DEOPT PACKING pc=0x0000014f27540206 sp=0x0000000c104fc5d0
Event: 9.247 Thread 0x0000014f24243390 DEOPT UNPACKING pc=0x0000014f2e9c4242 sp=0x0000000c104fba50 mode 0
Event: 9.248 Thread 0x0000014f24243390 DEOPT PACKING pc=0x0000014f275bec08 sp=0x0000000c104fca20
Event: 9.248 Thread 0x0000014f24243390 DEOPT UNPACKING pc=0x0000014f2e9c4242 sp=0x0000000c104fbea0 mode 0
Event: 9.249 Thread 0x0000014f24243390 Uncommon trap: trap_request=0xffffff45 fr.pc=0x0000014f2efc9740 relative=0x0000000000000980
Event: 9.249 Thread 0x0000014f24243390 Uncommon trap: reason=unstable_if action=reinterpret pc=0x0000014f2efc9740 method=java.util.HashMap.putVal(ILjava/lang/Object;Ljava/lang/Object;ZZ)Ljava/lang/Object; @ 81 c2
Event: 9.249 Thread 0x0000014f24243390 DEOPT PACKING pc=0x0000014f2efc9740 sp=0x0000000c104fd280
Event: 9.249 Thread 0x0000014f24243390 DEOPT UNPACKING pc=0x0000014f2e9c3aa2 sp=0x0000000c104fd1a8 mode 2
Event: 9.250 Thread 0x0000014f24243390 DEOPT PACKING pc=0x0000014f27540206 sp=0x0000000c104fc820
Event: 9.250 Thread 0x0000014f24243390 DEOPT UNPACKING pc=0x0000014f2e9c4242 sp=0x0000000c104fbca0 mode 0
Event: 9.250 Thread 0x0000014f24243390 DEOPT PACKING pc=0x0000014f275bec08 sp=0x0000000c104fc970
Event: 9.250 Thread 0x0000014f24243390 DEOPT UNPACKING pc=0x0000014f2e9c4242 sp=0x0000000c104fbdf0 mode 0
Event: 9.251 Thread 0x0000014f24243390 DEOPT PACKING pc=0x0000014f275bec08 sp=0x0000000c104fcc70
Event: 9.251 Thread 0x0000014f24243390 DEOPT UNPACKING pc=0x0000014f2e9c4242 sp=0x0000000c104fc0f0 mode 0

Classes loaded (20 events):
Event: 9.082 Loading class java/security/KeyStoreException
Event: 9.085 Loading class java/security/KeyStoreException done
Event: 9.305 Loading class java/util/LinkedList$Node
Event: 9.306 Loading class java/util/LinkedList$Node done
Event: 9.306 Loading class java/util/LinkedList$ListItr
Event: 9.306 Loading class java/util/LinkedList$ListItr done
Event: 9.307 Loading class java/lang/Thread$Builder$OfPlatform
Event: 9.383 Loading class java/lang/Thread$Builder
Event: 9.383 Loading class java/lang/Thread$Builder done
Event: 9.383 Loading class java/lang/Thread$Builder$OfPlatform done
Event: 9.383 Loading class java/lang/Thread$Builder$OfVirtual
Event: 9.383 Loading class java/lang/Thread$Builder$OfVirtual done
Event: 9.399 Loading class sun/nio/fs/WindowsChannelFactory
Event: 9.400 Loading class sun/nio/fs/WindowsChannelFactory done
Event: 9.400 Loading class sun/nio/fs/WindowsChannelFactory$1
Event: 9.400 Loading class sun/nio/fs/WindowsChannelFactory$1 done
Event: 9.400 Loading class sun/nio/fs/WindowsChannelFactory$Flags
Event: 9.400 Loading class sun/nio/fs/WindowsChannelFactory$Flags done
Event: 9.400 Loading class sun/nio/ch/FileChannelImpl$Closer
Event: 9.401 Loading class sun/nio/ch/FileChannelImpl$Closer done

Classes unloaded (0 events):
No events

Classes redefined (0 events):
No events

Internal exceptions (20 events):
Event: 6.651 Thread 0x0000014f24243390 Exception <a 'java/lang/NoSuchMethodError'{0x00000000d65f0ac8}: 'java.lang.Object java.lang.invoke.DirectMethodHandle$Holder.invokeInterface(java.lang.Object, java.lang.Object, int)'> (0x00000000d65f0ac8) 
thrown [s\src\hotspot\share\interpreter\linkResolver.cpp, line 773]
Event: 7.194 Thread 0x0000014f24243390 Exception <a 'java/lang/NoSuchMethodError'{0x00000000d6a57038}: 'java.lang.ClassLoader java.lang.ClassLoader.getPlatformClassLoader(java.lang.Class)'> (0x00000000d6a57038) 
thrown [s\src\hotspot\share\interpreter\linkResolver.cpp, line 773]
Event: 7.358 Thread 0x0000014f24243390 Exception <a 'java/lang/ClassNotFoundException'{0x00000000d6e74598}: sun/net/www/protocol/c/Handler> (0x00000000d6e74598) 
thrown [s\src\hotspot\share\classfile\systemDictionary.cpp, line 312]
Event: 7.359 Thread 0x0000014f24243390 Exception <a 'java/lang/ClassNotFoundException'{0x00000000d6e75940}: sun/net/www/protocol/c/Handler> (0x00000000d6e75940) 
thrown [s\src\hotspot\share\classfile\systemDictionary.cpp, line 312]
Event: 7.359 Thread 0x0000014f24243390 Exception <a 'java/lang/ClassNotFoundException'{0x00000000d6e76b28}: sun/net/www/protocol/c/Handler> (0x00000000d6e76b28) 
thrown [s\src\hotspot\share\classfile\systemDictionary.cpp, line 312]
Event: 7.393 Thread 0x0000014f24243390 Exception <a 'java/io/FileNotFoundException'{0x00000000d559ff98}> (0x00000000d559ff98) 
thrown [s\src\hotspot\share\prims\jni.cpp, line 520]
Event: 7.468 Thread 0x0000014f24243390 Implicit null exception at 0x0000014f2ef738a9 to 0x0000014f2ef7411c
Event: 7.468 Thread 0x0000014f24243390 Implicit null exception at 0x0000014f2ef8041a to 0x0000014f2ef80620
Event: 7.469 Thread 0x0000014f24243390 Exception <a 'java/lang/NoSuchMethodError'{0x00000000d56d0010}: 'void java.lang.invoke.DirectMethodHandle$Holder.invokeStatic(java.lang.Object, java.lang.Object, java.lang.Object, java.lang.Object)'> (0x00000000d56d0010) 
thrown [s\src\hotspot\share\interpreter\linkResolver.cpp, line 773]
Event: 7.471 Thread 0x0000014f24243390 Implicit null exception at 0x0000014f2ef7633c to 0x0000014f2ef765c8
Event: 7.472 Thread 0x0000014f24243390 Implicit null exception at 0x0000014f2ef76abd to 0x0000014f2ef76b41
Event: 7.708 Thread 0x0000014f24243390 Exception <a 'java/lang/NoSuchMethodError'{0x00000000d5993058}: 'void java.lang.invoke.DirectMethodHandle$Holder.invokeSpecial(java.lang.Object, java.lang.Object, java.lang.Object)'> (0x00000000d5993058) 
thrown [s\src\hotspot\share\interpreter\linkResolver.cpp, line 773]
Event: 8.164 Thread 0x0000014f24243390 Exception <a 'java/lang/NoSuchMethodError'{0x00000000d62a9ff8}: 'int java.lang.invoke.DirectMethodHandle$Holder.invokeVirtual(java.lang.Object, java.lang.Object)'> (0x00000000d62a9ff8) 
thrown [s\src\hotspot\share\interpreter\linkResolver.cpp, line 773]
Event: 8.448 Thread 0x0000014f24243390 Exception <a 'java/lang/NoSuchMethodError'{0x00000000d641edb8}: 'int java.lang.invoke.DirectMethodHandle$Holder.invokeStaticInit(java.lang.Object, java.lang.Object, java.lang.Object, java.lang.Object)'> (0x00000000d641edb8) 
thrown [s\src\hotspot\share\interpreter\linkResolver.cpp, line 773]
Event: 8.449 Thread 0x0000014f24243390 Exception <a 'java/lang/IncompatibleClassChangeError'{0x00000000d64271c0}: Found class java.lang.Object, but interface was expected> (0x00000000d64271c0) 
thrown [s\src\hotspot\share\interpreter\linkResolver.cpp, line 840]
Event: 8.451 Thread 0x0000014f24243390 Exception <a 'java/lang/NoSuchMethodError'{0x00000000d642d770}: 'void java.lang.invoke.DirectMethodHandle$Holder.invokeStaticInit(java.lang.Object, java.lang.Object)'> (0x00000000d642d770) 
thrown [s\src\hotspot\share\interpreter\linkResolver.cpp, line 773]
Event: 8.452 Thread 0x0000014f24243390 Exception <a 'java/lang/NoSuchMethodError'{0x00000000d6436928}: 'int java.lang.invoke.DirectMethodHandle$Holder.invokeStaticInit(java.lang.Object, java.lang.Object)'> (0x00000000d6436928) 
thrown [s\src\hotspot\share\interpreter\linkResolver.cpp, line 773]
Event: 8.702 Thread 0x0000014f24243390 Exception <a 'java/lang/NoSuchMethodError'{0x00000000d667cab0}: 'java.lang.Object java.lang.invoke.DirectMethodHandle$Holder.newInvokeSpecial(java.lang.Object, int, java.lang.Object)'> (0x00000000d667cab0) 
thrown [s\src\hotspot\share\interpreter\linkResolver.cpp, line 773]
Event: 8.923 Thread 0x0000014f24243390 Exception <a 'java/lang/ClassNotFoundException'{0x00000000d6893640}: sun/net/www/protocol/plurl/Handler> (0x00000000d6893640) 
thrown [s\src\hotspot\share\classfile\systemDictionary.cpp, line 312]
Event: 8.925 Thread 0x0000014f24243390 Exception <a 'java/lang/ClassNotFoundException'{0x00000000d68944c0}: sun/net/www/protocol/plurl/Handler> (0x00000000d68944c0) 
thrown [s\src\hotspot\share\classfile\systemDictionary.cpp, line 312]

ZGC Phase Switch (0 events):
No events

VM Operations (20 events):
Event: 7.331 Executing non-safepoint VM operation: HandshakeAllThreads (Deoptimize)
Event: 7.331 Executing non-safepoint VM operation: HandshakeAllThreads (Deoptimize) done
Event: 7.331 Executing safepoint VM operation: Cleanup
Event: 7.331 Executing safepoint VM operation: Cleanup done
Event: 7.365 Executing safepoint VM operation: ParallelGCFailedAllocation (Allocation Failure)
Event: 7.378 Executing safepoint VM operation: ParallelGCFailedAllocation (Allocation Failure) done
Event: 8.385 Executing safepoint VM operation: Cleanup
Event: 8.419 Executing safepoint VM operation: Cleanup done
Event: 8.583 Executing non-safepoint VM operation: HandshakeAllThreads (Deoptimize)
Event: 8.637 Executing non-safepoint VM operation: HandshakeAllThreads (Deoptimize) done
Event: 8.651 Executing non-safepoint VM operation: HandshakeAllThreads (Deoptimize)
Event: 8.685 Executing non-safepoint VM operation: HandshakeAllThreads (Deoptimize) done
Event: 8.830 Executing non-safepoint VM operation: HandshakeAllThreads (Deoptimize)
Event: 8.831 Executing non-safepoint VM operation: HandshakeAllThreads (Deoptimize) done
Event: 8.848 Executing non-safepoint VM operation: HandshakeAllThreads (Deoptimize)
Event: 8.848 Executing non-safepoint VM operation: HandshakeAllThreads (Deoptimize) done
Event: 9.853 Executing safepoint VM operation: Cleanup
Event: 9.853 Executing safepoint VM operation: Cleanup done
Event: 18.921 Executing safepoint VM operation: Cleanup
Event: 18.921 Executing safepoint VM operation: Cleanup done

Memory protections (0 events):
No events

Nmethod flushes (0 events):
No events

Events (20 events):
Event: 0.465 Thread 0x0000014f24243390 Thread added: 0x0000014f241bc5f0
Event: 0.465 Thread 0x0000014f24243390 Thread added: 0x0000014f241c0f90
Event: 0.465 Thread 0x0000014f24243390 Thread added: 0x0000014f241c1600
Event: 0.466 Thread 0x0000014f24243390 Thread added: 0x0000014f241c2390
Event: 0.492 Thread 0x0000014f24243390 Thread added: 0x0000014f7d58c7c0
Event: 0.815 Thread 0x0000014f7d58c7c0 Thread added: 0x0000014f7d6c3320
Event: 1.938 Thread 0x0000014f7d6c3320 Thread exited: 0x0000014f7d6c3320
Event: 1.948 Thread 0x0000014f24243390 Thread added: 0x0000014f7d6c3320
Event: 2.137 Thread 0x0000014f241c2390 Thread added: 0x0000014f7d7a3e40
Event: 4.096 Thread 0x0000014f7d7a3e40 Thread exited: 0x0000014f7d7a3e40
Event: 5.322 Thread 0x0000014f24243390 Thread added: 0x0000014f7d706060
Event: 5.349 Thread 0x0000014f7d58c7c0 Thread added: 0x0000014f7d93ba20
Event: 6.261 Thread 0x0000014f7d58c7c0 Thread added: 0x0000014f7d93c0f0
Event: 6.577 Thread 0x0000014f7d93c0f0 Thread exited: 0x0000014f7d93c0f0
Event: 6.641 Thread 0x0000014f7d93ba20 Thread exited: 0x0000014f7d93ba20
Event: 7.784 Thread 0x0000014f7d58c7c0 Thread added: 0x0000014f7d9762b0
Event: 7.827 Thread 0x0000014f7d58c7c0 Thread added: 0x0000014f7d974e40
Event: 8.269 Thread 0x0000014f7d974e40 Thread exited: 0x0000014f7d974e40
Event: 8.269 Thread 0x0000014f7d9762b0 Thread exited: 0x0000014f7d9762b0
Event: 8.546 Thread 0x0000014f24243390 Thread added: 0x0000014f7db9f2f0


Dynamic libraries:
0x00007ff7e4de0000 - 0x00007ff7e4dee000 	c:\Users\india\.vscode\extensions\redhat.java-1.53.0-win32-x64\jre\21.0.10-win32-x86_64\bin\java.exe
0x00007ffb121a0000 - 0x00007ffb12407000 	C:\WINDOWS\SYSTEM32\ntdll.dll
0x00007ffb11d90000 - 0x00007ffb11e59000 	C:\WINDOWS\System32\KERNEL32.DLL
0x00007ffb0ea80000 - 0x00007ffb0ee71000 	C:\WINDOWS\System32\KERNELBASE.dll
0x00007ffb0ee80000 - 0x00007ffb0efcb000 	C:\WINDOWS\System32\ucrtbase.dll
0x00007ffb00610000 - 0x00007ffb00628000 	c:\Users\india\.vscode\extensions\redhat.java-1.53.0-win32-x64\jre\21.0.10-win32-x86_64\bin\jli.dll
0x00007ffb04b00000 - 0x00007ffb04b1e000 	c:\Users\india\.vscode\extensions\redhat.java-1.53.0-win32-x64\jre\21.0.10-win32-x86_64\bin\VCRUNTIME140.dll
0x00007ffb117e0000 - 0x00007ffb119a5000 	C:\WINDOWS\System32\USER32.dll
0x00007ffb0f840000 - 0x00007ffb0f867000 	C:\WINDOWS\System32\win32u.dll
0x00007ffb11d60000 - 0x00007ffb11d8b000 	C:\WINDOWS\System32\GDI32.dll
0x00007ffaecbf0000 - 0x00007ffaece83000 	C:\WINDOWS\WinSxS\amd64_microsoft.windows.common-controls_6595b64144ccf1df_6.0.26100.7922_none_3e089e1ee3342171\COMCTL32.dll
0x00007ffb0f870000 - 0x00007ffb0f99a000 	C:\WINDOWS\System32\gdi32full.dll
0x00007ffb0fa60000 - 0x00007ffb0fb03000 	C:\WINDOWS\System32\msvcp_win.dll
0x00007ffb10f60000 - 0x00007ffb11009000 	C:\WINDOWS\System32\msvcrt.dll
0x00007ffb10f20000 - 0x00007ffb10f51000 	C:\WINDOWS\System32\IMM32.DLL
0x00007ffb056a0000 - 0x00007ffb056ac000 	c:\Users\india\.vscode\extensions\redhat.java-1.53.0-win32-x64\jre\21.0.10-win32-x86_64\bin\vcruntime140_1.dll
0x00007ffb002f0000 - 0x00007ffb0037d000 	c:\Users\india\.vscode\extensions\redhat.java-1.53.0-win32-x64\jre\21.0.10-win32-x86_64\bin\msvcp140.dll
0x00007ffa57810000 - 0x00007ffa585b1000 	c:\Users\india\.vscode\extensions\redhat.java-1.53.0-win32-x64\jre\21.0.10-win32-x86_64\bin\server\jvm.dll
0x00007ffb11b10000 - 0x00007ffb11bcb000 	C:\WINDOWS\System32\ADVAPI32.dll
0x00007ffb10670000 - 0x00007ffb10717000 	C:\WINDOWS\System32\sechost.dll
0x00007ffb10550000 - 0x00007ffb10668000 	C:\WINDOWS\System32\RPCRT4.dll
0x00007ffb10300000 - 0x00007ffb10374000 	C:\WINDOWS\System32\WS2_32.dll
0x00007ffb0e830000 - 0x00007ffb0e88e000 	C:\WINDOWS\SYSTEM32\POWRPROF.dll
0x00007ffaf9d80000 - 0x00007ffaf9db5000 	C:\WINDOWS\SYSTEM32\WINMM.dll
0x00007ffaede30000 - 0x00007ffaede3b000 	C:\WINDOWS\SYSTEM32\VERSION.dll
0x00007ffb0e810000 - 0x00007ffb0e824000 	C:\WINDOWS\SYSTEM32\UMPDC.dll
0x00007ffb0d7d0000 - 0x00007ffb0d7eb000 	C:\WINDOWS\SYSTEM32\kernel.appcore.dll
0x00007ffb00600000 - 0x00007ffb0060a000 	c:\Users\india\.vscode\extensions\redhat.java-1.53.0-win32-x64\jre\21.0.10-win32-x86_64\bin\jimage.dll
0x00007ffb0c8e0000 - 0x00007ffb0cb22000 	C:\WINDOWS\SYSTEM32\DBGHELP.DLL
0x00007ffb0ff40000 - 0x00007ffb102c2000 	C:\WINDOWS\System32\combase.dll
0x00007ffb11010000 - 0x00007ffb110e7000 	C:\WINDOWS\System32\OLEAUT32.dll
0x00007ffae9cf0000 - 0x00007ffae9d2b000 	C:\WINDOWS\SYSTEM32\dbgcore.DLL
0x00007ffb0fe90000 - 0x00007ffb0ff35000 	C:\WINDOWS\System32\bcryptPrimitives.dll
0x00007ffafb3a0000 - 0x00007ffafb3af000 	c:\Users\india\.vscode\extensions\redhat.java-1.53.0-win32-x64\jre\21.0.10-win32-x86_64\bin\instrument.dll
0x00007ffb002d0000 - 0x00007ffb002f0000 	c:\Users\india\.vscode\extensions\redhat.java-1.53.0-win32-x64\jre\21.0.10-win32-x86_64\bin\java.dll
0x00007ffb10720000 - 0x00007ffb10e7f000 	C:\WINDOWS\System32\SHELL32.dll
0x00007ffb0fd20000 - 0x00007ffb0fe8a000 	C:\WINDOWS\System32\wintypes.dll
0x00007ffb0efd0000 - 0x00007ffb0f834000 	C:\WINDOWS\System32\windows.storage.dll
0x00007ffb110f0000 - 0x00007ffb111e7000 	C:\WINDOWS\System32\SHCORE.dll
0x00007ffb119b0000 - 0x00007ffb11a17000 	C:\WINDOWS\System32\shlwapi.dll
0x00007ffb0e9a0000 - 0x00007ffb0e9c9000 	C:\WINDOWS\SYSTEM32\profapi.dll
0x00007ffaf20d0000 - 0x00007ffaf20e8000 	c:\Users\india\.vscode\extensions\redhat.java-1.53.0-win32-x64\jre\21.0.10-win32-x86_64\bin\zip.dll
0x00007ffafb480000 - 0x00007ffafb490000 	C:\Users\india\.vscode\extensions\redhat.java-1.53.0-win32-x64\jre\21.0.10-win32-x86_64\bin\net.dll
0x00007ffb05f80000 - 0x00007ffb060a7000 	C:\WINDOWS\SYSTEM32\WINHTTP.dll
0x00007ffb0dd20000 - 0x00007ffb0dd8b000 	C:\WINDOWS\system32\mswsock.dll
0x00007ffaf20b0000 - 0x00007ffaf20c6000 	C:\Users\india\.vscode\extensions\redhat.java-1.53.0-win32-x64\jre\21.0.10-win32-x86_64\bin\nio.dll
0x00007ffafb390000 - 0x00007ffafb3a0000 	c:\Users\india\.vscode\extensions\redhat.java-1.53.0-win32-x64\jre\21.0.10-win32-x86_64\bin\verify.dll

JVMTI agents:
c:\Users\india\.vscode\extensions\redhat.java-1.53.0-win32-x64\lombok\lombok-1.18.39-4050.jar path:c:\Users\india\.vscode\extensions\redhat.java-1.53.0-win32-x64\jre\21.0.10-win32-x86_64\bin\instrument.dll, loaded, initialized, instrumentlib options:none

dbghelp: loaded successfully - version: 4.0.5 - missing functions: none
symbol engine: initialized successfully - sym options: 0x614 - pdb path: .;c:\Users\india\.vscode\extensions\redhat.java-1.53.0-win32-x64\jre\21.0.10-win32-x86_64\bin;C:\WINDOWS\SYSTEM32;C:\WINDOWS\WinSxS\amd64_microsoft.windows.common-controls_6595b64144ccf1df_6.0.26100.7922_none_3e089e1ee3342171;c:\Users\india\.vscode\extensions\redhat.java-1.53.0-win32-x64\jre\21.0.10-win32-x86_64\bin\server

VM Arguments:
jvm_args: --add-modules=ALL-SYSTEM --add-opens=java.base/java.util=ALL-UNNAMED --add-opens=java.base/java.lang=ALL-UNNAMED --add-opens=java.base/sun.nio.fs=ALL-UNNAMED -Declipse.application=org.eclipse.jdt.ls.core.id1 -Dosgi.bundles.defaultStartLevel=4 -Declipse.product=org.eclipse.jdt.ls.core.product -Djava.import.generatesMetadataFilesAtProjectRoot=false -DDetectVMInstallationsJob.disabled=true -Dfile.encoding=utf8 -XX:+UseParallelGC -XX:GCTimeRatio=4 -XX:AdaptiveSizePolicyWeight=90 -Dsun.zip.disableMemoryMapping=true -Xmx2G -Xms100m -Xlog:disable -javaagent:c:\Users\india\.vscode\extensions\redhat.java-1.53.0-win32-x64\lombok\lombok-1.18.39-4050.jar 
java_command: c:\Users\india\.vscode\extensions\redhat.java-1.53.0-win32-x64\server\plugins\org.eclipse.equinox.launcher_1.7.100.v20251111-0406.jar -configuration c:\Users\india\AppData\Roaming\Code\User\globalStorage\redhat.java\1.53.0\config_ss_win -data c:\Users\india\AppData\Roaming\Code\User\workspaceStorage\fa7e1b7b88d4cf635e5f5ee2812eefa7\redhat.java\ss_ws --pipe=\\.\pipe\lsp-dd9deb64f2aac860276ed316e6e5f50e-sock
java_class_path (initial): c:\Users\india\.vscode\extensions\redhat.java-1.53.0-win32-x64\server\plugins\org.eclipse.equinox.launcher_1.7.100.v20251111-0406.jar
Launcher Type: SUN_STANDARD

[Global flags]
    uintx AdaptiveSizePolicyWeight                 = 90                                        {product} {command line}
     intx CICompilerCount                          = 4                                         {product} {ergonomic}
    uintx GCTimeRatio                              = 4                                         {product} {command line}
   size_t InitialHeapSize                          = 104857600                                 {product} {command line}
   size_t MaxHeapSize                              = 2147483648                                {product} {command line}
   size_t MaxNewSize                               = 715653120                                 {product} {ergonomic}
   size_t MinHeapDeltaBytes                        = 524288                                    {product} {ergonomic}
   size_t MinHeapSize                              = 104857600                                 {product} {command line}
   size_t NewSize                                  = 34603008                                  {product} {ergonomic}
    uintx NonNMethodCodeHeapSize                   = 5839372                                {pd product} {ergonomic}
    uintx NonProfiledCodeHeapSize                  = 122909434                              {pd product} {ergonomic}
   size_t OldSize                                  = 70254592                                  {product} {ergonomic}
    uintx ProfiledCodeHeapSize                     = 122909434                              {pd product} {ergonomic}
    uintx ReservedCodeCacheSize                    = 251658240                              {pd product} {ergonomic}
     bool SegmentedCodeCache                       = true                                      {product} {ergonomic}
   size_t SoftMaxHeapSize                          = 2147483648                             {manageable} {ergonomic}
     bool UseCompressedOops                        = true                           {product lp64_product} {ergonomic}
     bool UseLargePagesIndividualAllocation        = false                                  {pd product} {ergonomic}
     bool UseParallelGC                            = true                                      {product} {command line}

Logging:
Log output configuration:
 #0: stdout all=off uptime,level,tags foldmultilines=false
 #1: stderr all=off uptime,level,tags foldmultilines=false

Release file:
JAVA_VERSION="21.0.10" 
MODULES="java.base java.compiler java.datatransfer java.xml java.prefs java.desktop java.instrument java.logging java.management java.security.sasl java.naming java.rmi java.management.rmi java.net.http java.scripting java.security.jgss java.transaction.xa java.sql java.sql.rowset java.xml.crypto java.se java.smartcardio jdk.accessibility jdk.internal.jvmstat jdk.attach jdk.charsets jdk.internal.opt jdk.zipfs jdk.compiler jdk.crypto.ec jdk.crypto.cryptoki jdk.crypto.mscapi jdk.dynalink jdk.internal.ed jdk.editpad jdk.hotspot.agent jdk.httpserver jdk.internal.le jdk.internal.vm.ci jdk.internal.vm.compiler jdk.internal.vm.compiler.management jdk.jartool jdk.javadoc jdk.jcmd jdk.management jdk.management.agent jdk.jconsole jdk.jdeps jdk.jdwp.agent jdk.jdi jdk.jfr jdk.jshell jdk.jsobject jdk.jstatd jdk.localedata jdk.management.jfr jdk.naming.dns jdk.naming.rmi jdk.net jdk.nio.mapmode jdk.random jdk.sctp jdk.security.auth jdk.security.jgss jdk.unsupported jdk.unsupported.desktop jdk.xml.dom" 

Environment Variables:
PATH=C:\Users\india\AppData\Local\Programs\Microsoft VS Code;C:\Program Files\Common Files\Oracle\Java\javapath;C:\WINDOWS\system32;C:\WINDOWS;C:\WINDOWS\System32\Wbem;C:\WINDOWS\System32\WindowsPowerShell\v1.0\;C:\WINDOWS\System32\OpenSSH\;C:\Program Files\Git\cmd;C:\Program Files\nodejs\;C:\Program Files\GitHub CLI\;C:\Users\india\anaconda3\anac;C:\Users\india\anaconda3\anac\Library\mingw-w64\bin;C:\Users\india\anaconda3\anac\Library\usr\bin;C:\Users\india\anaconda3\anac\Library\bin;C:\Users\india\anaconda3\anac\Scripts;C:\Users\india\AppData\Local\Programs\Python\Python312\Scripts\;C:\Users\india\AppData\Local\Programs\Python\Python312\;C:\Users\india\AppData\Local\Programs\Python\Launcher\;C:\Users\india\AppData\Local\Microsoft\WindowsApps;C:\MinGW\bin;C:\Users\india\AppData\Roaming\npm;C:\Users\india\AppData\Local\Programs\Microsoft VS Code\bin
USERNAME=india
OS=Windows_NT
PROCESSOR_IDENTIFIER=Intel64 Family 6 Model 154 Stepping 4, GenuineIntel
TMP=C:\Users\india\AppData\Local\Temp
TEMP=C:\Users\india\AppData\Local\Temp




Periodic native trim disabled

---------------  S Y S T E M  ---------------

OS:
 Windows 11 , 64 bit Build 26100 (10.0.26100.7920)
OS uptime: 16 days 2:35 hours
Hyper-V role detected

CPU: total 8 (initial active 8) (4 cores per cpu, 2 threads per core) family 6 model 154 stepping 4 microcode 0x424, cx8, cmov, fxsr, ht, mmx, 3dnowpref, sse, sse2, sse3, ssse3, sse4.1, sse4.2, popcnt, lzcnt, tsc, tscinvbit, avx, avx2, aes, erms, clmul, bmi1, bmi2, adx, sha, fma, vzeroupper, clflush, clflushopt, clwb, hv, serialize, rdtscp, rdpid, fsrm, f16c, cet_ibt, cet_ss
Processor Information for processor 0
  Max Mhz: 1200, Current Mhz: 1200, Mhz Limit: 1200
Processor Information for processor 1
  Max Mhz: 1200, Current Mhz: 1200, Mhz Limit: 1200
Processor Information for processor 2
  Max Mhz: 1200, Current Mhz: 1200, Mhz Limit: 1200
Processor Information for processor 3
  Max Mhz: 1200, Current Mhz: 1200, Mhz Limit: 1200
Processor Information for processor 4
  Max Mhz: 900, Current Mhz: 900, Mhz Limit: 900
Processor Information for processor 5
  Max Mhz: 900, Current Mhz: 900, Mhz Limit: 900
Processor Information for processor 6
  Max Mhz: 900, Current Mhz: 900, Mhz Limit: 900
Processor Information for processor 7
  Max Mhz: 900, Current Mhz: 900, Mhz Limit: 900

Memory: 4k page, system-wide physical 7916M (857M free)
TotalPageFile size 32492M (AvailPageFile size 0M)
current process WorkingSet (physical memory assigned to process): 51M, peak: 89M
current process commit charge ("private bytes"): 233M, peak: 241M

vm_info: OpenJDK 64-Bit Server VM (21.0.10+7-LTS) for windows-amd64 JRE (21.0.10+7-LTS), built on 2026-01-20T00:00:00Z by "admin" with MS VC++ 17.12 (VS2022)

END.
